corpus 10166 ads
gazetteer: 1,441 labels -> 313 styrk codes
bm25 built in 30s

=== GAZETTEER RESOLUTION on the 13 dev personas ===

  persona                          occupation phrase                           codes
  c1_lager_no_language_mention     lager                                  UNRESOLVED
  c2_sykepleier_authorisation_only sykepleier                      2223:88%, 2221:5%
  c4_laerer_norsk_speaker          grunnskolelærer                          2341:99%
  p1_sykepleier_no_norsk           nurse                      5321:65%, 2221:14%, 2223:8%
  p1_sykepleier_norsk              sykepleier                      2223:88%, 2221:5%
  p2_tomrer_no_norsk               carpenter                                7115:97%
  p2_tomrer_norsk                  tømrer                                   7115:97%
  p4_backend_no_norsk              backend developer          2512:78%, 2431:8%, 2152:6%
  p4_backend_norsk                 backend-utvikler                       UNRESOLVED
  p5_data_scientist_no_norsk       data scientist             2511:67%, 2514:22%, 2310:11%
  p5_data_scientist_norsk          data scientist             2511:67%, 2514:22%, 2310:11%
  p6_grunnskolelaerer              primary school teacher                   2341:99%
  p7_lagermedarbeider              warehouse work                         UNRESOLVED

  3 occupation(s) UNRESOLVED — those personas fall back to the lexical
  channel untouched, which is the fail-open rule.

=== PAIRED OVERLAP@10 — do the NO and EN variants converge? ===

  pair                  raw query               gold parse  gold parse x occupation
  p1                         0/10                     0/10                     0/10
  p2                         0/10                     0/10                     0/10
  p4                         7/10                     8/10                     4/10
  p5                         0/10                     2/10                     5/10

  mean                     1.8/10                   2.5/10                   2.2/10

=== IS THE TOP-5 THE OCCUPATION THE SEEKER ASKED FOR? ===
   proximity read off ad_taxonomy.styrk_code, derived independently

  persona                                     raw query           gold parse gold parse x occupation
  c2_sykepleier_authorisation_only                 4/5                 5/5                 5/5
  c4_laerer_norsk_speaker                          5/5                 5/5                 5/5
  p1_sykepleier_no_norsk                           0/5                 0/5                 0/5
  p1_sykepleier_norsk                              5/5                 5/5                 5/5
  p2_tomrer_no_norsk                               3/5                 5/5                 5/5
  p2_tomrer_norsk                                  4/5                 5/5                 5/5
  p4_backend_no_norsk                              2/5                 3/5                 5/5
  p5_data_scientist_no_norsk                       0/5                 0/5                 0/5
  p5_data_scientist_norsk                          0/5                 0/5                 0/5
  p6_grunnskolelaerer                              1/5                 5/5                 5/5

  mean share                                       48%                 66%                 70%

=== p1_sykepleier_no_norsk — the English nurse query ===
  raw query                ['spesiallege', 'lærer i moderne språk ', 'vaktmester', 'Selgere (engros)', 'murer']
  gold parse               ['pleiemedhjelper', 'spesialsykepleier', 'spesialveterinær', 'spesiallege', 'pleiemedhjelper']
  gold parse x occupation  ['pleiemedhjelper', 'pleiemedhjelper', 'pleiemedhjelper', 'pleiemedhjelper', 'pleiemedhjelper']

=== and the constraint stage still has work left to do ===
  arm 3 top-10 for the no-Norwegian nurse: 5/10 still DEMAND Norwegian.
  Occupation proximity does not and should not fix that — D5 does.

written reports/occupation_predicate.json

REMINDER: zero relevance pairs judged. Structural check only.
