prompt census-v15  |  44 golden ads


census: 470s  calls=44  cache_hits=0  demoted=1 (2%)  spend=$0.101
tokens: in=38,804 out=17,116 cache_read=595,679 cache_write=13,853  prompt-cache hit rate 98%
        $0.00229/ad  ->  9,823 clusters would cost $22.47

coverage 100%   pooled 86.4% (caveat applies)   invalid_levels=0

PER LEVEL
  unstated                      9/12    75% ###############
  scandinavian_accepted         6/ 8    75% ###############
  certified                     5/ 5   100% ####################
  either_norwegian_or_english   5/ 5   100% ####################
  professional                  5/ 5   100% ####################
  desirable                     3/ 4    75% ###############
  conversational                2/ 2   100% ####################
  explicitly_not_required       2/ 2   100% ####################
  fluent                        1/ 1   100% ####################

ACCESSIBILITY  (the metric that matters)
  hidden wrongly   1 of 12 accessible   rate 8%  ci95 [0.01, 0.35]
  shown wrongly    2 of 32 blocking   rate 6%

EVIDENCE SPANS (of 32 expected)
  exact 19  different 12  missing 1  fabricated 0  spurious 3

working_language non-default recall 4/4
authorisation 5/5  spurious 1

MISCLASSIFICATIONS
  unstated                     -> professional                 x3
  scandinavian_accepted        -> either_norwegian_or_english  x2
  desirable                    -> unstated                     x1
DONE
