prompt census-v4  |  44 golden ads


census: 353s  calls=44  cache_hits=0  demoted=24 (55%)  spend=$0.062

coverage 100%   pooled 38.6% (caveat applies)   invalid_levels=0

PER LEVEL
  unstated                     11/12    92% ##################
  scandinavian_accepted         1/ 8    12% ##
  either_norwegian_or_english   0/ 5     0% 
  professional                  0/ 5     0% 
  certified                     3/ 4    75% ###############
  desirable                     2/ 4    50% ##########
  explicitly_not_required       0/ 3     0% 
  conversational                0/ 2     0% 
  fluent                        0/ 1     0% 

ACCESSIBILITY  (the metric that matters)
  hidden wrongly   7 of 13 accessible   rate 54%  ci95 [0.29, 0.77]
  shown wrongly    2 of 31 blocking   rate 6%

EVIDENCE SPANS (of 32 expected)
  exact 0  different 10  missing 22  fabricated 0  spurious 0

working_language non-default recall 2/4
authorisation 5/5  spurious 1

MISCLASSIFICATIONS
  scandinavian_accepted        -> unstated                     x7
  professional                 -> unstated                     x5
  either_norwegian_or_english  -> unstated                     x4
  desirable                    -> unstated                     x2
  fluent                       -> unstated                     x1
  certified                    -> unstated                     x1
  explicitly_not_required      -> certified                    x1
  conversational               -> unstated                     x1
  conversational               -> either_norwegian_or_english  x1
  explicitly_not_required      -> desirable                    x1
  either_norwegian_or_english  -> scandinavian_accepted        x1
  explicitly_not_required      -> unstated                     x1
  unstated                     -> professional                 x1
