prompt census-v4  |  44 golden ads


census: 152s  calls=44  cache_hits=0  demoted=0 (0%)  spend=$0.062

coverage 100%   pooled 84.1% (caveat applies)   invalid_levels=0

PER LEVEL
  unstated                      9/12    75% ###############
  scandinavian_accepted         8/ 8   100% ####################
  either_norwegian_or_english   3/ 5    60% ############
  professional                  5/ 5   100% ####################
  certified                     4/ 4   100% ####################
  desirable                     4/ 4   100% ####################
  explicitly_not_required       1/ 3    33% ######
  conversational                2/ 2   100% ####################
  fluent                        1/ 1   100% ####################

ACCESSIBILITY  (the metric that matters)
  hidden wrongly   3 of 13 accessible   rate 23%  ci95 [0.08, 0.50]
  shown wrongly    0 of 31 blocking   rate 0%

EVIDENCE SPANS (of 32 expected)
  exact 19  different 13  missing 0  fabricated 0  spurious 3

working_language non-default recall 2/4
authorisation 5/5  spurious 1

MISCLASSIFICATIONS
  unstated                     -> professional                 x3
  either_norwegian_or_english  -> scandinavian_accepted        x2
  explicitly_not_required      -> certified                    x1
  explicitly_not_required      -> desirable                    x1
