schema migrated
language: 10166 ads to process
  500/10166
  1000/10166
  1500/10166
  2000/10166
  2500/10166
  3000/10166
  3500/10166
  4000/10166
  4500/10166
  5000/10166
  5500/10166
  6000/10166
  6500/10166
  7000/10166
  7500/10166
  8000/10166
  8500/10166
  9000/10166
  9500/10166
  10000/10166
langid: {'processed': 10166, 'distribution': {'no': 9695, 'en': 380, 'mixed': 80, 'other': 11}}  895s

detected_nordic distribution:
  da       5283
  (none)   3720
  en       563
  sv       456
  is       144
