census-v13: re-running 41 ads for 46 rows
batch msgbatch_01SGXt7MsGadKqyz66JKH4Hd

18 of 46 rows changed value under census-v13
   evidence_strength            'inferred_from_context' -> 'explicit_and_unambiguous'
   relocation_support           'offered' -> 'unstated'
   application_language         'both' -> 'english_accepted'
   application_language         'either_norwegian_or_english' -> 'english_accepted'
   relocation_support           'offered' -> 'unstated'
   relocation_support           'offered' -> 'unstated'
   relocation_support           'offered' -> 'unstated'
   relocation_support           'offered' -> 'unstated'
   relocation_support           'offered' -> 'unstated'
   relocation_support           'offered' -> 'unstated'
   relocation_support           'offered' -> 'unstated'
   relocation_support           'offered' -> 'unstated'
   relocation_support           'offered' -> 'unstated'
   relocation_support           'offered' -> 'unstated'
   application_language         'scandinavian_accepted' -> 'english_accepted'
   relocation_support           'offered' -> 'unstated'
   relocation_support           'offered' -> 'unstated'
   evidence_strength            'explicit_but_hedged' -> 'explicit_and_unambiguous'

28 rows still hold the rare value and remain exceptions
written data/worksheet/exceptions_current.json
